Epoch 0:   0%|          | 0/679 [00:00<?, ?it/s]Epoch 0:   0%|          | 0/679 [00:11<?, ?it/s]
Traceback (most recent call last):
  File "/home/junsung/js/CV-prj/baseline.py", line 218, in <module>
    main(args)
  File "/home/junsung/js/CV-prj/baseline.py", line 176, in main
    loss = train_step(model, batch_data, loss_fn, optimizer, scaler, device)
  File "/home/junsung/js/CV-prj/main.py", line 89, in train_step
    loss = loss_fn(model(images), labels)
  File "/home/junsung/anaconda3/envs/CV/lib/python3.10/site-packages/torch/nn/modules/module.py", line 1778, in _wrapped_call_impl
    return self._call_impl(*args, **kwargs)
  File "/home/junsung/anaconda3/envs/CV/lib/python3.10/site-packages/torch/nn/modules/module.py", line 1789, in _call_impl
    return forward_call(*args, **kwargs)
  File "/home/junsung/anaconda3/envs/CV/lib/python3.10/site-packages/segmentation_models_pytorch/decoders/dpt/model.py", line 159, in forward
    features, prefix_tokens = self.encoder(x)
  File "/home/junsung/anaconda3/envs/CV/lib/python3.10/site-packages/torch/nn/modules/module.py", line 1778, in _wrapped_call_impl
    return self._call_impl(*args, **kwargs)
  File "/home/junsung/anaconda3/envs/CV/lib/python3.10/site-packages/torch/nn/modules/module.py", line 1789, in _call_impl
    return forward_call(*args, **kwargs)
  File "/home/junsung/anaconda3/envs/CV/lib/python3.10/site-packages/segmentation_models_pytorch/encoders/timm_vit.py", line 186, in forward
    features, prefix_tokens = self._forward_with_prefix_tokens(x)
  File "/home/junsung/anaconda3/envs/CV/lib/python3.10/site-packages/segmentation_models_pytorch/encoders/timm_vit.py", line 152, in _forward_with_prefix_tokens
    intermediate_outputs = self.model.forward_intermediates(
  File "/home/junsung/anaconda3/envs/CV/lib/python3.10/site-packages/timm/models/vision_transformer.py", line 1114, in forward_intermediates
    x = self.patch_embed(x)
  File "/home/junsung/anaconda3/envs/CV/lib/python3.10/site-packages/torch/nn/modules/module.py", line 1778, in _wrapped_call_impl
    return self._call_impl(*args, **kwargs)
  File "/home/junsung/anaconda3/envs/CV/lib/python3.10/site-packages/torch/nn/modules/module.py", line 1789, in _call_impl
    return forward_call(*args, **kwargs)
  File "/home/junsung/anaconda3/envs/CV/lib/python3.10/site-packages/timm/layers/patch_embed.py", line 121, in forward
    _assert(H == self.img_size[0], f"Input height ({H}) doesn't match model ({self.img_size[0]}).")
  File "/home/junsung/anaconda3/envs/CV/lib/python3.10/site-packages/torch/__init__.py", line 2272, in _assert
    raise AssertionError(message)
AssertionError: Input height (512) doesn't match model (224).
