Class weights (present): [0.72 0.4  0.74 0.24 1.49 0.72 0.51 1.06 0.94 0.42 0.87 1.14 0.21 1.04
 0.82 0.61 1.1  0.59 0.77 0.38 0.61 0.55 0.22 0.3  0.58 0.11 0.24 2.65
 0.31 5.21 0.07 4.91 1.09 0.22 0.58 0.13 0.17 0.47 0.42 0.28 0.79 0.11
 0.41 0.05 0.39 0.47 0.26 1.09 0.46 1.16 4.27 0.33 8.56 0.1  0.27 2.3
 3.41 0.65 0.06]
Epoch: 1, Average Loss: 2.8435, LR: 1.52e-05
Pixel Accuracy: 0.6099, mIoU: 0.1232
  -> new best val mIoU 0.1232 (checkpoint saved)
Epoch: 2, Average Loss: 2.1056, LR: 3.00e-05
Pixel Accuracy: 0.5749, mIoU: 0.1210
Epoch: 3, Average Loss: 1.9373, LR: 2.98e-05
Pixel Accuracy: 0.6136, mIoU: 0.1483
  -> new best val mIoU 0.1483 (checkpoint saved)
Epoch: 4, Average Loss: 1.7587, LR: 2.91e-05
Pixel Accuracy: 0.6257, mIoU: 0.1508
  -> new best val mIoU 0.1508 (checkpoint saved)
Epoch: 5, Average Loss: 1.6315, LR: 2.80e-05
Pixel Accuracy: 0.6483, mIoU: 0.1748
  -> new best val mIoU 0.1748 (checkpoint saved)
Epoch: 6, Average Loss: 1.4946, LR: 2.65e-05
Pixel Accuracy: 0.6622, mIoU: 0.1775
  -> new best val mIoU 0.1775 (checkpoint saved)
Epoch: 7, Average Loss: 1.3916, LR: 2.46e-05
Pixel Accuracy: 0.6828, mIoU: 0.1968
  -> new best val mIoU 0.1968 (checkpoint saved)
Epoch: 8, Average Loss: 1.2979, LR: 2.25e-05
Pixel Accuracy: 0.6911, mIoU: 0.2016
  -> new best val mIoU 0.2016 (checkpoint saved)
Epoch: 9, Average Loss: 1.2049, LR: 2.01e-05
Pixel Accuracy: 0.6929, mIoU: 0.2047
  -> new best val mIoU 0.2047 (checkpoint saved)
Epoch: 10, Average Loss: 1.1074, LR: 1.76e-05
Pixel Accuracy: 0.7090, mIoU: 0.2059
  -> new best val mIoU 0.2059 (checkpoint saved)
Epoch: 11, Average Loss: 1.0054, LR: 1.50e-05
Pixel Accuracy: 0.6932, mIoU: 0.1958
Epoch: 12, Average Loss: 0.9303, LR: 1.24e-05
Pixel Accuracy: 0.7196, mIoU: 0.2167
  -> new best val mIoU 0.2167 (checkpoint saved)
Epoch: 13, Average Loss: 0.8452, LR: 9.87e-06
Pixel Accuracy: 0.7205, mIoU: 0.2212
  -> new best val mIoU 0.2212 (checkpoint saved)
Epoch: 14, Average Loss: 0.7651, LR: 7.50e-06
Pixel Accuracy: 0.7268, mIoU: 0.2171
Epoch: 15, Average Loss: 0.6800, LR: 5.36e-06
Pixel Accuracy: 0.7179, mIoU: 0.2297
  -> new best val mIoU 0.2297 (checkpoint saved)
Epoch: 16, Average Loss: 0.6294, LR: 3.51e-06
Pixel Accuracy: 0.7146, mIoU: 0.2182
Epoch: 17, Average Loss: 0.5689, LR: 2.01e-06
Pixel Accuracy: 0.7123, mIoU: 0.2177
Epoch: 18, Average Loss: 0.5268, LR: 9.05e-07
Pixel Accuracy: 0.7059, mIoU: 0.2153
Epoch: 19, Average Loss: 0.4949, LR: 2.28e-07
Pixel Accuracy: 0.7061, mIoU: 0.2161
Epoch: 20, Average Loss: 0.4877, LR: 0.00e+00
Pixel Accuracy: 0.7093, mIoU: 0.2171
Test (best val checkpoint):
Pixel Accuracy: 0.7233, mIoU: 0.2285
