Class weights (present): [0.72 0.4  0.74 0.24 1.49 0.72 0.51 1.06 0.94 0.42 0.87 1.14 0.21 1.04
 0.82 0.61 1.1  0.59 0.77 0.38 0.61 0.55 0.22 0.3  0.58 0.11 0.24 2.65
 0.31 5.21 0.07 4.91 1.09 0.22 0.58 0.13 0.17 0.47 0.42 0.28 0.79 0.11
 0.41 0.05 0.39 0.47 0.26 1.09 0.46 1.16 4.27 0.33 8.56 0.1  0.27 2.3
 3.41 0.65 0.06]
Epoch: 1, Average Loss: 3.0932, LR: 1.52e-05
Pixel Accuracy: 0.6006, mIoU: 0.1274
  -> new best val mIoU 0.1274 (checkpoint saved)
Epoch: 2, Average Loss: 2.1270, LR: 3.00e-05
Pixel Accuracy: 0.5151, mIoU: 0.1001
Epoch: 3, Average Loss: 1.9711, LR: 2.98e-05
Pixel Accuracy: 0.6177, mIoU: 0.1457
  -> new best val mIoU 0.1457 (checkpoint saved)
Epoch: 4, Average Loss: 1.7887, LR: 2.91e-05
Pixel Accuracy: 0.6360, mIoU: 0.1610
  -> new best val mIoU 0.1610 (checkpoint saved)
Epoch: 5, Average Loss: 1.6443, LR: 2.80e-05
Pixel Accuracy: 0.6421, mIoU: 0.1727
  -> new best val mIoU 0.1727 (checkpoint saved)
Epoch: 6, Average Loss: 1.5383, LR: 2.65e-05
Pixel Accuracy: 0.6635, mIoU: 0.1813
  -> new best val mIoU 0.1813 (checkpoint saved)
Epoch: 7, Average Loss: 1.4227, LR: 2.46e-05
Pixel Accuracy: 0.6634, mIoU: 0.1920
  -> new best val mIoU 0.1920 (checkpoint saved)
Epoch: 8, Average Loss: 1.3300, LR: 2.25e-05
Pixel Accuracy: 0.6689, mIoU: 0.1878
Epoch: 9, Average Loss: 1.2360, LR: 2.01e-05
Pixel Accuracy: 0.6891, mIoU: 0.2011
  -> new best val mIoU 0.2011 (checkpoint saved)
Epoch: 10, Average Loss: 1.1440, LR: 1.76e-05
Pixel Accuracy: 0.7064, mIoU: 0.2019
  -> new best val mIoU 0.2019 (checkpoint saved)
Epoch: 11, Average Loss: 1.0613, LR: 1.50e-05
Pixel Accuracy: 0.7084, mIoU: 0.2279
  -> new best val mIoU 0.2279 (checkpoint saved)
Epoch: 12, Average Loss: 0.9723, LR: 1.24e-05
Pixel Accuracy: 0.7189, mIoU: 0.2140
Epoch: 13, Average Loss: 0.8905, LR: 9.87e-06
Pixel Accuracy: 0.7207, mIoU: 0.2073
Epoch: 14, Average Loss: 0.8196, LR: 7.50e-06
Pixel Accuracy: 0.7264, mIoU: 0.2263
Epoch: 15, Average Loss: 0.7517, LR: 5.36e-06
Pixel Accuracy: 0.7065, mIoU: 0.2188
Epoch: 16, Average Loss: 0.6799, LR: 3.51e-06
Pixel Accuracy: 0.7017, mIoU: 0.2139
Epoch: 17, Average Loss: 0.6262, LR: 2.01e-06
Pixel Accuracy: 0.7055, mIoU: 0.2260
Epoch: 18, Average Loss: 0.5907, LR: 9.05e-07
Pixel Accuracy: 0.7028, mIoU: 0.2164
Epoch: 19, Average Loss: 0.5607, LR: 2.28e-07
Pixel Accuracy: 0.7005, mIoU: 0.2155
Epoch: 20, Average Loss: 0.5512, LR: 0.00e+00
Pixel Accuracy: 0.7055, mIoU: 0.2167
Test (best val checkpoint):
Pixel Accuracy: 0.7160, mIoU: 0.2097
