Class weights (present): [0.72 0.4  0.74 0.24 1.49 0.72 0.51 1.06 0.94 0.42 0.87 1.14 0.21 1.04
 0.82 0.61 1.1  0.59 0.77 0.38 0.61 0.55 0.22 0.3  0.58 0.11 0.24 2.65
 0.31 5.21 0.07 4.91 1.09 0.22 0.58 0.13 0.17 0.47 0.42 0.28 0.79 0.11
 0.41 0.05 0.39 0.47 0.26 1.09 0.46 1.16 4.27 0.33 8.56 0.1  0.27 2.3
 3.41 0.65 0.06]
Epoch: 1, Average Loss: 3.3253, LR: 1.52e-05
Pixel Accuracy: 0.5951, mIoU: 0.1364
  -> new best val mIoU 0.1364 (checkpoint saved)
Epoch: 2, Average Loss: 2.3090, LR: 3.00e-05
Pixel Accuracy: 0.5135, mIoU: 0.1156
Epoch: 3, Average Loss: 2.1436, LR: 2.98e-05
Pixel Accuracy: 0.5828, mIoU: 0.1321
Epoch: 4, Average Loss: 1.9291, LR: 2.91e-05
Pixel Accuracy: 0.6310, mIoU: 0.1595
  -> new best val mIoU 0.1595 (checkpoint saved)
Epoch: 5, Average Loss: 1.7689, LR: 2.80e-05
Pixel Accuracy: 0.6402, mIoU: 0.1690
  -> new best val mIoU 0.1690 (checkpoint saved)
Epoch: 6, Average Loss: 1.6468, LR: 2.65e-05
Pixel Accuracy: 0.6571, mIoU: 0.1769
  -> new best val mIoU 0.1769 (checkpoint saved)
Epoch: 7, Average Loss: 1.5242, LR: 2.46e-05
Pixel Accuracy: 0.6683, mIoU: 0.1798
  -> new best val mIoU 0.1798 (checkpoint saved)
Epoch: 8, Average Loss: 1.4106, LR: 2.25e-05
Pixel Accuracy: 0.6877, mIoU: 0.1971
  -> new best val mIoU 0.1971 (checkpoint saved)
Epoch: 9, Average Loss: 1.3015, LR: 2.01e-05
Pixel Accuracy: 0.6997, mIoU: 0.2033
  -> new best val mIoU 0.2033 (checkpoint saved)
Epoch: 10, Average Loss: 1.2198, LR: 1.76e-05
Pixel Accuracy: 0.6992, mIoU: 0.1995
Epoch: 11, Average Loss: 1.1394, LR: 1.50e-05
Pixel Accuracy: 0.7117, mIoU: 0.2165
  -> new best val mIoU 0.2165 (checkpoint saved)
Epoch: 12, Average Loss: 1.0403, LR: 1.24e-05
Pixel Accuracy: 0.7200, mIoU: 0.2161
Epoch: 13, Average Loss: 0.9499, LR: 9.87e-06
Pixel Accuracy: 0.7185, mIoU: 0.2237
  -> new best val mIoU 0.2237 (checkpoint saved)
Epoch: 14, Average Loss: 0.8844, LR: 7.50e-06
Pixel Accuracy: 0.7348, mIoU: 0.2330
  -> new best val mIoU 0.2330 (checkpoint saved)
Epoch: 15, Average Loss: 0.8163, LR: 5.36e-06
Pixel Accuracy: 0.7241, mIoU: 0.2296
Epoch: 16, Average Loss: 0.7576, LR: 3.51e-06
Pixel Accuracy: 0.7341, mIoU: 0.2279
Epoch: 17, Average Loss: 0.7058, LR: 2.01e-06
Pixel Accuracy: 0.7354, mIoU: 0.2262
Epoch: 18, Average Loss: 0.6717, LR: 9.05e-07
Pixel Accuracy: 0.7333, mIoU: 0.2294
Epoch: 19, Average Loss: 0.6433, LR: 2.28e-07
Pixel Accuracy: 0.7322, mIoU: 0.2299
Epoch: 20, Average Loss: 0.6308, LR: 0.00e+00
Pixel Accuracy: 0.7305, mIoU: 0.2273
Test (best val checkpoint):
Pixel Accuracy: 0.7379, mIoU: 0.2234
