Using device: cuda
Dataset: both | scenes: 27149 | num_classes: 68
Class weights (present): [0.72 0.4  0.74 0.24 1.49 0.72 0.51 1.06 0.94 0.42 0.87 1.14 0.21 1.04
 0.82 0.61 1.1  0.59 0.77 0.38 0.61 0.55 0.22 0.3  0.58 0.11 0.24 2.65
 0.31 5.21 0.07 4.91 1.09 0.22 0.58 0.13 0.17 0.47 0.42 0.28 0.79 0.11
 0.41 0.05 0.39 0.47 0.26 1.09 0.46 1.16 4.27 0.33 8.56 0.1  0.27 2.3
 3.41 0.65 0.06]
Epoch: 1, Average Loss: 2.4550, LR: 1.52e-05
Pixel Accuracy: 0.7311, mIoU: 0.2127
  -> new best val mIoU 0.2127 (checkpoint saved)
Epoch: 2, Average Loss: 1.3645, LR: 3.00e-05
Pixel Accuracy: 0.7510, mIoU: 0.2545
  -> new best val mIoU 0.2545 (checkpoint saved)
Epoch: 3, Average Loss: 1.1217, LR: 2.99e-05
Pixel Accuracy: 0.7682, mIoU: 0.2659
  -> new best val mIoU 0.2659 (checkpoint saved)
Epoch: 4, Average Loss: 0.9632, LR: 2.96e-05
Pixel Accuracy: 0.7770, mIoU: 0.2793
  -> new best val mIoU 0.2793 (checkpoint saved)
Epoch: 5, Average Loss: 0.8207, LR: 2.92e-05
Pixel Accuracy: 0.7812, mIoU: 0.2737
Epoch: 6, Average Loss: 0.7188, LR: 2.85e-05
Pixel Accuracy: 0.7569, mIoU: 0.3171
  -> new best val mIoU 0.3171 (checkpoint saved)
Epoch: 7, Average Loss: 0.5978, LR: 2.77e-05
Pixel Accuracy: 0.7313, mIoU: 0.3435
  -> new best val mIoU 0.3435 (checkpoint saved)
Epoch: 8, Average Loss: 0.5319, LR: 2.67e-05
Pixel Accuracy: 0.7956, mIoU: 0.3401
Epoch: 9, Average Loss: 0.4804, LR: 2.56e-05
Pixel Accuracy: 0.7902, mIoU: 0.3283
Epoch: 10, Average Loss: 0.4513, LR: 2.44e-05
Pixel Accuracy: 0.7998, mIoU: 0.3544
  -> new best val mIoU 0.3544 (checkpoint saved)
Epoch: 11, Average Loss: 0.4213, LR: 2.30e-05
Pixel Accuracy: 0.8047, mIoU: 0.3787
  -> new best val mIoU 0.3787 (checkpoint saved)
Epoch: 12, Average Loss: 0.3733, LR: 2.15e-05
Pixel Accuracy: 0.8007, mIoU: 0.3972
  -> new best val mIoU 0.3972 (checkpoint saved)
Epoch: 13, Average Loss: 0.3387, LR: 2.00e-05
Pixel Accuracy: 0.8121, mIoU: 0.4321
  -> new best val mIoU 0.4321 (checkpoint saved)
Epoch: 14, Average Loss: 0.3269, LR: 1.83e-05
Pixel Accuracy: 0.8059, mIoU: 0.3868
Epoch: 15, Average Loss: 0.2843, LR: 1.67e-05
Pixel Accuracy: 0.7903, mIoU: 0.4021
Epoch: 16, Average Loss: 0.2601, LR: 1.50e-05
Pixel Accuracy: 0.7836, mIoU: 0.3666
Epoch: 17, Average Loss: 0.2313, LR: 1.33e-05
Pixel Accuracy: 0.8089, mIoU: 0.4227
Epoch: 18, Average Loss: 0.2072, LR: 1.17e-05
Pixel Accuracy: 0.8082, mIoU: 0.3954
Epoch: 19, Average Loss: 0.1901, LR: 1.00e-05
Pixel Accuracy: 0.8141, mIoU: 0.4284
Epoch: 20, Average Loss: 0.1787, LR: 8.49e-06
Pixel Accuracy: 0.8190, mIoU: 0.4057
