Class weights (present): [0.72 0.4  0.74 0.24 1.49 0.72 0.51 1.06 0.94 0.42 0.87 1.14 0.21 1.04
 0.82 0.61 1.1  0.59 0.77 0.38 0.61 0.55 0.22 0.3  0.58 0.11 0.24 2.65
 0.31 5.21 0.07 4.91 1.09 0.22 0.58 0.13 0.17 0.47 0.42 0.28 0.79 0.11
 0.41 0.05 0.39 0.47 0.26 1.09 0.46 1.16 4.27 0.33 8.56 0.1  0.27 2.3
 3.41 0.65 0.06]
Epoch: 1, Average Loss: 3.5578, LR: 1.52e-05
Pixel Accuracy: 0.5435, mIoU: 0.0583
  -> new best val mIoU 0.0583 (checkpoint saved)
Epoch: 2, Average Loss: 2.7392, LR: 3.00e-05
Pixel Accuracy: 0.5553, mIoU: 0.0792
  -> new best val mIoU 0.0792 (checkpoint saved)
Epoch: 3, Average Loss: 2.4217, LR: 2.98e-05
Pixel Accuracy: 0.5863, mIoU: 0.0932
  -> new best val mIoU 0.0932 (checkpoint saved)
Epoch: 4, Average Loss: 2.2274, LR: 2.91e-05
Pixel Accuracy: 0.5919, mIoU: 0.1113
  -> new best val mIoU 0.1113 (checkpoint saved)
Epoch: 5, Average Loss: 2.0588, LR: 2.80e-05
Pixel Accuracy: 0.6189, mIoU: 0.1158
  -> new best val mIoU 0.1158 (checkpoint saved)
Epoch: 6, Average Loss: 1.9546, LR: 2.65e-05
Pixel Accuracy: 0.6378, mIoU: 0.1401
  -> new best val mIoU 0.1401 (checkpoint saved)
Epoch: 7, Average Loss: 1.8297, LR: 2.46e-05
Pixel Accuracy: 0.6559, mIoU: 0.1485
  -> new best val mIoU 0.1485 (checkpoint saved)
Epoch: 8, Average Loss: 1.7199, LR: 2.25e-05
Pixel Accuracy: 0.6634, mIoU: 0.1673
  -> new best val mIoU 0.1673 (checkpoint saved)
Epoch: 9, Average Loss: 1.6137, LR: 2.01e-05
Pixel Accuracy: 0.6666, mIoU: 0.1599
Epoch: 10, Average Loss: 1.5384, LR: 1.76e-05
Pixel Accuracy: 0.6907, mIoU: 0.1850
  -> new best val mIoU 0.1850 (checkpoint saved)
Epoch: 11, Average Loss: 1.4330, LR: 1.50e-05
Pixel Accuracy: 0.6885, mIoU: 0.1874
  -> new best val mIoU 0.1874 (checkpoint saved)
Epoch: 12, Average Loss: 1.3521, LR: 1.24e-05
Pixel Accuracy: 0.6962, mIoU: 0.1934
  -> new best val mIoU 0.1934 (checkpoint saved)
Epoch: 13, Average Loss: 1.2690, LR: 9.87e-06
Pixel Accuracy: 0.7079, mIoU: 0.2024
  -> new best val mIoU 0.2024 (checkpoint saved)
Epoch: 14, Average Loss: 1.1951, LR: 7.50e-06
Pixel Accuracy: 0.7272, mIoU: 0.2121
  -> new best val mIoU 0.2121 (checkpoint saved)
Epoch: 15, Average Loss: 1.1123, LR: 5.36e-06
Pixel Accuracy: 0.7323, mIoU: 0.2248
  -> new best val mIoU 0.2248 (checkpoint saved)
Epoch: 16, Average Loss: 1.0588, LR: 3.51e-06
Pixel Accuracy: 0.7349, mIoU: 0.2274
  -> new best val mIoU 0.2274 (checkpoint saved)
Epoch: 17, Average Loss: 1.0130, LR: 2.01e-06
Pixel Accuracy: 0.7389, mIoU: 0.2297
  -> new best val mIoU 0.2297 (checkpoint saved)
Epoch: 18, Average Loss: 0.9747, LR: 9.05e-07
Pixel Accuracy: 0.7406, mIoU: 0.2330
  -> new best val mIoU 0.2330 (checkpoint saved)
Epoch: 19, Average Loss: 0.9596, LR: 2.28e-07
Pixel Accuracy: 0.7410, mIoU: 0.2305
Epoch: 20, Average Loss: 0.9528, LR: 0.00e+00
Pixel Accuracy: 0.7422, mIoU: 0.2331
  -> new best val mIoU 0.2331 (checkpoint saved)
Test (best val checkpoint):
Pixel Accuracy: 0.7466, mIoU: 0.2256
