Class weights (present): [0.72 0.4  0.74 0.24 1.49 0.72 0.51 1.06 0.94 0.42 0.87 1.14 0.21 1.04
 0.82 0.61 1.1  0.59 0.77 0.38 0.61 0.55 0.22 0.3  0.58 0.11 0.24 2.65
 0.31 5.21 0.07 4.91 1.09 0.22 0.58 0.13 0.17 0.47 0.42 0.28 0.79 0.11
 0.41 0.05 0.39 0.47 0.26 1.09 0.46 1.16 4.27 0.33 8.56 0.1  0.27 2.3
 3.41 0.65 0.06]
Epoch: 1, Average Loss: 3.3794, LR: 1.52e-05
Pixel Accuracy: 0.5601, mIoU: 0.0742
  -> new best val mIoU 0.0742 (checkpoint saved)
Epoch: 2, Average Loss: 2.6579, LR: 3.00e-05
Pixel Accuracy: 0.5256, mIoU: 0.0728
Epoch: 3, Average Loss: 2.4917, LR: 2.99e-05
Pixel Accuracy: 0.5490, mIoU: 0.0866
  -> new best val mIoU 0.0866 (checkpoint saved)
Epoch: 4, Average Loss: 2.3023, LR: 2.96e-05
Pixel Accuracy: 0.5948, mIoU: 0.1007
  -> new best val mIoU 0.1007 (checkpoint saved)
Epoch: 5, Average Loss: 2.1880, LR: 2.92e-05
Pixel Accuracy: 0.5931, mIoU: 0.1217
  -> new best val mIoU 0.1217 (checkpoint saved)
Epoch: 6, Average Loss: 2.0792, LR: 2.85e-05
Pixel Accuracy: 0.5763, mIoU: 0.1072
Epoch: 7, Average Loss: 1.9885, LR: 2.77e-05
Pixel Accuracy: 0.6137, mIoU: 0.1242
  -> new best val mIoU 0.1242 (checkpoint saved)
Epoch: 8, Average Loss: 1.9294, LR: 2.67e-05
Pixel Accuracy: 0.6011, mIoU: 0.1284
  -> new best val mIoU 0.1284 (checkpoint saved)
Epoch: 9, Average Loss: 1.8340, LR: 2.56e-05
Pixel Accuracy: 0.6390, mIoU: 0.1542
  -> new best val mIoU 0.1542 (checkpoint saved)
Epoch: 10, Average Loss: 1.7586, LR: 2.44e-05
Pixel Accuracy: 0.6599, mIoU: 0.1619
  -> new best val mIoU 0.1619 (checkpoint saved)
Epoch: 11, Average Loss: 1.6784, LR: 2.30e-05
Pixel Accuracy: 0.6482, mIoU: 0.1519
Epoch: 12, Average Loss: 1.6120, LR: 2.15e-05
Pixel Accuracy: 0.6789, mIoU: 0.1784
  -> new best val mIoU 0.1784 (checkpoint saved)
Epoch: 13, Average Loss: 1.5441, LR: 2.00e-05
Pixel Accuracy: 0.6640, mIoU: 0.1671
Epoch: 14, Average Loss: 1.4880, LR: 1.83e-05
Pixel Accuracy: 0.6808, mIoU: 0.1850
  -> new best val mIoU 0.1850 (checkpoint saved)
Epoch: 15, Average Loss: 1.4287, LR: 1.67e-05
Pixel Accuracy: 0.6938, mIoU: 0.2012
  -> new best val mIoU 0.2012 (checkpoint saved)
Epoch: 16, Average Loss: 1.3595, LR: 1.50e-05
Pixel Accuracy: 0.6995, mIoU: 0.1952
Epoch: 17, Average Loss: 1.3000, LR: 1.33e-05
Pixel Accuracy: 0.7044, mIoU: 0.2016
  -> new best val mIoU 0.2016 (checkpoint saved)
Epoch: 18, Average Loss: 1.2300, LR: 1.17e-05
Pixel Accuracy: 0.7177, mIoU: 0.2031
  -> new best val mIoU 0.2031 (checkpoint saved)
Epoch: 19, Average Loss: 1.1731, LR: 1.00e-05
Pixel Accuracy: 0.7214, mIoU: 0.2093
  -> new best val mIoU 0.2093 (checkpoint saved)
Epoch: 20, Average Loss: 1.1210, LR: 8.49e-06
Pixel Accuracy: 0.7228, mIoU: 0.2116
  -> new best val mIoU 0.2116 (checkpoint saved)
Epoch: 21, Average Loss: 1.0625, LR: 7.02e-06
Pixel Accuracy: 0.7258, mIoU: 0.2133
  -> new best val mIoU 0.2133 (checkpoint saved)
Epoch: 22, Average Loss: 1.0205, LR: 5.65e-06
Pixel Accuracy: 0.7305, mIoU: 0.2169
  -> new best val mIoU 0.2169 (checkpoint saved)
Epoch: 23, Average Loss: 0.9801, LR: 4.39e-06
Pixel Accuracy: 0.7318, mIoU: 0.2199
  -> new best val mIoU 0.2199 (checkpoint saved)
Epoch: 24, Average Loss: 0.9282, LR: 3.27e-06
Pixel Accuracy: 0.7384, mIoU: 0.2270
  -> new best val mIoU 0.2270 (checkpoint saved)
Epoch: 25, Average Loss: 0.9019, LR: 2.30e-06
Pixel Accuracy: 0.7387, mIoU: 0.2276
  -> new best val mIoU 0.2276 (checkpoint saved)
Epoch: 26, Average Loss: 0.8851, LR: 1.49e-06
Pixel Accuracy: 0.7387, mIoU: 0.2177
Epoch: 27, Average Loss: 0.8547, LR: 8.42e-07
Pixel Accuracy: 0.7383, mIoU: 0.2167
Epoch: 28, Average Loss: 0.8513, LR: 3.76e-07
