Using device: cuda
Dataset: minc | scenes: 1798 | num_classes: 23
Class weights (present): [1.11 0.56 1.06 0.33 1.99 1.01 0.69 1.67 1.48 0.59 1.29 1.59 0.3  1.39
 1.22 0.87 1.52 0.88 1.05 0.53 0.81 0.75 0.3 ]
Epoch: 1, Average Loss: 2.5774, LR: 1.52e-05
Pixel Accuracy: 0.7060, mIoU: 0.3419
  -> new best val mIoU 0.3419 (checkpoint saved)
Epoch: 2, Average Loss: 1.0451, LR: 3.00e-05
Pixel Accuracy: 0.7897, mIoU: 0.5110
  -> new best val mIoU 0.5110 (checkpoint saved)
Epoch: 3, Average Loss: 0.6177, LR: 2.98e-05
Pixel Accuracy: 0.8269, mIoU: 0.5662
  -> new best val mIoU 0.5662 (checkpoint saved)
Epoch: 4, Average Loss: 0.4161, LR: 2.91e-05
Pixel Accuracy: 0.8309, mIoU: 0.5701
  -> new best val mIoU 0.5701 (checkpoint saved)
Epoch: 5, Average Loss: 0.2874, LR: 2.80e-05
Pixel Accuracy: 0.8352, mIoU: 0.5868
  -> new best val mIoU 0.5868 (checkpoint saved)
Epoch: 6, Average Loss: 0.2119, LR: 2.65e-05
Pixel Accuracy: 0.8324, mIoU: 0.5906
  -> new best val mIoU 0.5906 (checkpoint saved)
Epoch: 7, Average Loss: 0.1577, LR: 2.46e-05
Pixel Accuracy: 0.8582, mIoU: 0.6255
  -> new best val mIoU 0.6255 (checkpoint saved)
Epoch: 8, Average Loss: 0.1389, LR: 2.25e-05
Pixel Accuracy: 0.8473, mIoU: 0.6031
Epoch: 9, Average Loss: 0.1118, LR: 2.01e-05
Pixel Accuracy: 0.8423, mIoU: 0.5977
Epoch: 10, Average Loss: 0.0952, LR: 1.76e-05
Pixel Accuracy: 0.8402, mIoU: 0.5866
