Using device: cuda
Class weights (present): [1.08 0.56 1.06 0.33 1.95 0.98 0.71 1.49 1.33 0.62 1.48 1.6  0.3  1.49
 1.17 0.93 1.57 0.84 1.05 0.54 0.87 0.74 0.31]
Epoch: 1, Average Loss: 2.9291, LR: 1.00e-04
Pixel Accuracy: 0.1736, mIoU: 0.0305
Epoch: 2, Average Loss: 2.7253, LR: 9.97e-05
Pixel Accuracy: 0.2756, mIoU: 0.0489
Epoch: 3, Average Loss: 2.6131, LR: 9.88e-05
Pixel Accuracy: 0.2874, mIoU: 0.0445
Epoch: 4, Average Loss: 2.5751, LR: 9.74e-05
Pixel Accuracy: 0.3117, mIoU: 0.1065
Epoch: 5, Average Loss: 2.5067, LR: 9.54e-05
Pixel Accuracy: 0.3400, mIoU: 0.0797
Epoch: 6, Average Loss: 2.4272, LR: 9.28e-05
Pixel Accuracy: 0.2979, mIoU: 0.0970
Epoch: 7, Average Loss: 2.3741, LR: 8.98e-05
Pixel Accuracy: 0.3255, mIoU: 0.1188
Epoch: 8, Average Loss: 2.3384, LR: 8.63e-05
Pixel Accuracy: 0.3268, mIoU: 0.1063
Epoch: 9, Average Loss: 2.2803, LR: 8.24e-05
Pixel Accuracy: 0.3635, mIoU: 0.1252
Epoch: 10, Average Loss: 2.2338, LR: 7.81e-05
Pixel Accuracy: 0.3031, mIoU: 0.0966
Epoch: 11, Average Loss: 2.1754, LR: 7.34e-05
Pixel Accuracy: 0.3628, mIoU: 0.1240
Epoch: 12, Average Loss: 2.1239, LR: 6.85e-05
Pixel Accuracy: 0.3470, mIoU: 0.1268
Epoch: 13, Average Loss: 2.1063, LR: 6.34e-05
Pixel Accuracy: 0.3836, mIoU: 0.1191
Epoch: 14, Average Loss: 2.0364, LR: 5.81e-05
Pixel Accuracy: 0.3665, mIoU: 0.1315
Epoch: 15, Average Loss: 1.9947, LR: 5.27e-05
Pixel Accuracy: 0.3445, mIoU: 0.1423
Epoch: 16, Average Loss: 1.9541, LR: 4.73e-05
Pixel Accuracy: 0.3777, mIoU: 0.1368
Epoch: 17, Average Loss: 1.8868, LR: 4.19e-05
Pixel Accuracy: 0.3754, mIoU: 0.1537
Epoch: 18, Average Loss: 1.8613, LR: 3.66e-05
Pixel Accuracy: 0.3857, mIoU: 0.1451
Epoch: 19, Average Loss: 1.8007, LR: 3.15e-05
Pixel Accuracy: 0.3456, mIoU: 0.1329
Epoch: 20, Average Loss: 1.7502, LR: 2.66e-05
Pixel Accuracy: 0.3795, mIoU: 0.1484
Epoch: 21, Average Loss: 1.6976, LR: 2.19e-05
Pixel Accuracy: 0.3820, mIoU: 0.1423
Epoch: 22, Average Loss: 1.6651, LR: 1.76e-05
Pixel Accuracy: 0.3733, mIoU: 0.1529
Epoch: 23, Average Loss: 1.6374, LR: 1.37e-05
Pixel Accuracy: 0.3679, mIoU: 0.1548
Epoch: 24, Average Loss: 1.5996, LR: 1.02e-05
Pixel Accuracy: 0.3672, mIoU: 0.1499
Epoch: 25, Average Loss: 1.5835, LR: 7.16e-06
Pixel Accuracy: 0.3763, mIoU: 0.1581
Epoch: 26, Average Loss: 1.5552, LR: 4.62e-06
Pixel Accuracy: 0.3793, mIoU: 0.1600
Epoch: 27, Average Loss: 1.5433, LR: 2.62e-06
Pixel Accuracy: 0.3761, mIoU: 0.1576
Epoch: 28, Average Loss: 1.5330, LR: 1.17e-06
Pixel Accuracy: 0.3760, mIoU: 0.1574
Epoch: 29, Average Loss: 1.5383, LR: 2.93e-07
Pixel Accuracy: 0.3755, mIoU: 0.1559
Epoch: 30, Average Loss: 1.5179, LR: 0.00e+00
Pixel Accuracy: 0.3752, mIoU: 0.1580
Test:
Pixel Accuracy: 0.4145, mIoU: 0.1795
