Class weights (present): [0.72 0.4  0.74 0.24 1.49 0.72 0.51 1.06 0.94 0.42 0.87 1.14 0.21 1.04
 0.82 0.61 1.1  0.59 0.77 0.38 0.61 0.55 0.22 0.3  0.58 0.11 0.24 2.65
 0.31 5.21 0.07 4.91 1.09 0.22 0.58 0.13 0.17 0.47 0.42 0.28 0.79 0.11
 0.41 0.05 0.39 0.47 0.26 1.09 0.46 1.16 4.27 0.33 8.56 0.1  0.27 2.3
 3.41 0.65 0.06]
Epoch: 1, Average Loss: 2.7313, LR: 1.52e-05
Pixel Accuracy: 0.5908, mIoU: 0.1298
  -> new best val mIoU 0.1298 (checkpoint saved)
Epoch: 2, Average Loss: 2.0435, LR: 3.00e-05
Pixel Accuracy: 0.5677, mIoU: 0.1224
Epoch: 3, Average Loss: 1.9316, LR: 2.98e-05
Pixel Accuracy: 0.6111, mIoU: 0.1485
  -> new best val mIoU 0.1485 (checkpoint saved)
Epoch: 4, Average Loss: 1.7480, LR: 2.91e-05
Pixel Accuracy: 0.6156, mIoU: 0.1604
  -> new best val mIoU 0.1604 (checkpoint saved)
Epoch: 5, Average Loss: 1.5991, LR: 2.80e-05
Pixel Accuracy: 0.6430, mIoU: 0.1700
  -> new best val mIoU 0.1700 (checkpoint saved)
Epoch: 6, Average Loss: 1.4914, LR: 2.65e-05
Pixel Accuracy: 0.6592, mIoU: 0.1622
Epoch: 7, Average Loss: 1.3976, LR: 2.46e-05
Pixel Accuracy: 0.6608, mIoU: 0.1788
  -> new best val mIoU 0.1788 (checkpoint saved)
Epoch: 8, Average Loss: 1.2931, LR: 2.25e-05
Pixel Accuracy: 0.6417, mIoU: 0.1922
  -> new best val mIoU 0.1922 (checkpoint saved)
Epoch: 9, Average Loss: 1.1936, LR: 2.01e-05
Pixel Accuracy: 0.7012, mIoU: 0.2036
  -> new best val mIoU 0.2036 (checkpoint saved)
Epoch: 10, Average Loss: 1.1031, LR: 1.76e-05
Pixel Accuracy: 0.7035, mIoU: 0.2109
  -> new best val mIoU 0.2109 (checkpoint saved)
Epoch: 11, Average Loss: 1.0124, LR: 1.50e-05
Pixel Accuracy: 0.7088, mIoU: 0.1979
Epoch: 12, Average Loss: 0.9288, LR: 1.24e-05
Pixel Accuracy: 0.7174, mIoU: 0.2155
  -> new best val mIoU 0.2155 (checkpoint saved)
Epoch: 13, Average Loss: 0.8481, LR: 9.87e-06
Pixel Accuracy: 0.7300, mIoU: 0.2231
  -> new best val mIoU 0.2231 (checkpoint saved)
Epoch: 14, Average Loss: 0.7763, LR: 7.50e-06
Pixel Accuracy: 0.7244, mIoU: 0.2168
Epoch: 15, Average Loss: 0.7109, LR: 5.36e-06
Pixel Accuracy: 0.7102, mIoU: 0.2175
Epoch: 16, Average Loss: 0.6528, LR: 3.51e-06
Pixel Accuracy: 0.7227, mIoU: 0.2196
Epoch: 17, Average Loss: 0.6080, LR: 2.01e-06
Pixel Accuracy: 0.7206, mIoU: 0.2172
Epoch: 18, Average Loss: 0.5733, LR: 9.05e-07
Pixel Accuracy: 0.7177, mIoU: 0.2167
Epoch: 19, Average Loss: 0.5460, LR: 2.28e-07
Pixel Accuracy: 0.7177, mIoU: 0.2164
Epoch: 20, Average Loss: 0.5430, LR: 0.00e+00
Pixel Accuracy: 0.7198, mIoU: 0.2171
Test (best val checkpoint):
Pixel Accuracy: 0.7330, mIoU: 0.2177
