Class weights (present): [0.72 0.4  0.74 0.24 1.49 0.72 0.51 1.06 0.94 0.42 0.87 1.14 0.21 1.04
 0.82 0.61 1.1  0.59 0.77 0.38 0.61 0.55 0.22 0.3  0.58 0.11 0.24 2.65
 0.31 5.21 0.07 4.91 1.09 0.22 0.58 0.13 0.17 0.47 0.42 0.28 0.79 0.11
 0.41 0.05 0.39 0.47 0.26 1.09 0.46 1.16 4.27 0.33 8.56 0.1  0.27 2.3
 3.41 0.65 0.06]
Epoch: 1, Average Loss: 3.2697, LR: 1.52e-05
Pixel Accuracy: 0.4678, mIoU: 0.0846
  -> new best val mIoU 0.0846 (checkpoint saved)
Epoch: 2, Average Loss: 2.5629, LR: 3.00e-05
Pixel Accuracy: 0.4545, mIoU: 0.0761
Epoch: 3, Average Loss: 2.3989, LR: 2.98e-05
Pixel Accuracy: 0.5294, mIoU: 0.1035
  -> new best val mIoU 0.1035 (checkpoint saved)
Epoch: 4, Average Loss: 2.2087, LR: 2.91e-05
Pixel Accuracy: 0.5334, mIoU: 0.1048
  -> new best val mIoU 0.1048 (checkpoint saved)
Epoch: 5, Average Loss: 2.0614, LR: 2.80e-05
Pixel Accuracy: 0.5265, mIoU: 0.1179
  -> new best val mIoU 0.1179 (checkpoint saved)
Epoch: 6, Average Loss: 1.9423, LR: 2.65e-05
Pixel Accuracy: 0.5913, mIoU: 0.1401
  -> new best val mIoU 0.1401 (checkpoint saved)
Epoch: 7, Average Loss: 1.8451, LR: 2.46e-05
Pixel Accuracy: 0.6153, mIoU: 0.1590
  -> new best val mIoU 0.1590 (checkpoint saved)
Epoch: 8, Average Loss: 1.7540, LR: 2.25e-05
Pixel Accuracy: 0.5761, mIoU: 0.1385
Epoch: 9, Average Loss: 1.6738, LR: 2.01e-05
Pixel Accuracy: 0.5874, mIoU: 0.1373
Epoch: 10, Average Loss: 1.5907, LR: 1.76e-05
Pixel Accuracy: 0.6242, mIoU: 0.1531
Epoch: 11, Average Loss: 1.5303, LR: 1.50e-05
Pixel Accuracy: 0.6170, mIoU: 0.1582
Epoch: 12, Average Loss: 1.4425, LR: 1.24e-05
Pixel Accuracy: 0.6307, mIoU: 0.1630
  -> new best val mIoU 0.1630 (checkpoint saved)
Epoch: 13, Average Loss: 1.3752, LR: 9.87e-06
Pixel Accuracy: 0.6364, mIoU: 0.1624
Epoch: 14, Average Loss: 1.3140, LR: 7.50e-06
Pixel Accuracy: 0.6409, mIoU: 0.1643
  -> new best val mIoU 0.1643 (checkpoint saved)
Epoch: 15, Average Loss: 1.2567, LR: 5.36e-06
Pixel Accuracy: 0.6428, mIoU: 0.1702
  -> new best val mIoU 0.1702 (checkpoint saved)
Epoch: 16, Average Loss: 1.2050, LR: 3.51e-06
Pixel Accuracy: 0.6462, mIoU: 0.1692
Epoch: 17, Average Loss: 1.1702, LR: 2.01e-06
Pixel Accuracy: 0.6428, mIoU: 0.1669
Epoch: 18, Average Loss: 1.1474, LR: 9.05e-07
Pixel Accuracy: 0.6489, mIoU: 0.1736
  -> new best val mIoU 0.1736 (checkpoint saved)
Epoch: 19, Average Loss: 1.1237, LR: 2.28e-07
Pixel Accuracy: 0.6488, mIoU: 0.1720
Epoch: 20, Average Loss: 1.1065, LR: 0.00e+00
Pixel Accuracy: 0.6467, mIoU: 0.1699
Test (best val checkpoint):
Pixel Accuracy: 0.6539, mIoU: 0.1758
