Class weights (present): [0.72 0.4  0.74 0.24 1.49 0.72 0.51 1.06 0.94 0.42 0.87 1.14 0.21 1.04
 0.82 0.61 1.1  0.59 0.77 0.38 0.61 0.55 0.22 0.3  0.58 0.11 0.24 2.65
 0.31 5.21 0.07 4.91 1.09 0.22 0.58 0.13 0.17 0.47 0.42 0.28 0.79 0.11
 0.41 0.05 0.39 0.47 0.26 1.09 0.46 1.16 4.27 0.33 8.56 0.1  0.27 2.3
 3.41 0.65 0.06]
Epoch: 1, Average Loss: 4.0906, LR: 1.52e-05
Pixel Accuracy: 0.3616, mIoU: 0.0215
  -> new best val mIoU 0.0215 (checkpoint saved)
Epoch: 2, Average Loss: 3.4000, LR: 3.00e-05
Pixel Accuracy: 0.4337, mIoU: 0.0306
  -> new best val mIoU 0.0306 (checkpoint saved)
Epoch: 3, Average Loss: 3.0356, LR: 2.98e-05
Pixel Accuracy: 0.5242, mIoU: 0.0459
  -> new best val mIoU 0.0459 (checkpoint saved)
Epoch: 4, Average Loss: 2.7807, LR: 2.91e-05
Pixel Accuracy: 0.5707, mIoU: 0.0591
  -> new best val mIoU 0.0591 (checkpoint saved)
Epoch: 5, Average Loss: 2.5954, LR: 2.80e-05
Pixel Accuracy: 0.5821, mIoU: 0.0715
  -> new best val mIoU 0.0715 (checkpoint saved)
Epoch: 6, Average Loss: 2.4501, LR: 2.65e-05
Pixel Accuracy: 0.6049, mIoU: 0.0834
  -> new best val mIoU 0.0834 (checkpoint saved)
Epoch: 7, Average Loss: 2.3048, LR: 2.46e-05
Pixel Accuracy: 0.6355, mIoU: 0.0936
  -> new best val mIoU 0.0936 (checkpoint saved)
Epoch: 8, Average Loss: 2.1690, LR: 2.25e-05
Pixel Accuracy: 0.6286, mIoU: 0.0972
  -> new best val mIoU 0.0972 (checkpoint saved)
Epoch: 9, Average Loss: 2.0602, LR: 2.01e-05
Pixel Accuracy: 0.6422, mIoU: 0.1087
  -> new best val mIoU 0.1087 (checkpoint saved)
Epoch: 10, Average Loss: 1.9443, LR: 1.76e-05
Pixel Accuracy: 0.6676, mIoU: 0.1231
  -> new best val mIoU 0.1231 (checkpoint saved)
Epoch: 11, Average Loss: 1.8434, LR: 1.50e-05
Pixel Accuracy: 0.6718, mIoU: 0.1306
  -> new best val mIoU 0.1306 (checkpoint saved)
Epoch: 12, Average Loss: 1.7418, LR: 1.24e-05
Pixel Accuracy: 0.6794, mIoU: 0.1461
  -> new best val mIoU 0.1461 (checkpoint saved)
Epoch: 13, Average Loss: 1.6487, LR: 9.87e-06
Pixel Accuracy: 0.6933, mIoU: 0.1571
  -> new best val mIoU 0.1571 (checkpoint saved)
Epoch: 14, Average Loss: 1.5627, LR: 7.50e-06
Pixel Accuracy: 0.6988, mIoU: 0.1636
  -> new best val mIoU 0.1636 (checkpoint saved)
Epoch: 15, Average Loss: 1.4938, LR: 5.36e-06
Pixel Accuracy: 0.7080, mIoU: 0.1725
  -> new best val mIoU 0.1725 (checkpoint saved)
Epoch: 16, Average Loss: 1.4280, LR: 3.51e-06
Pixel Accuracy: 0.7115, mIoU: 0.1766
  -> new best val mIoU 0.1766 (checkpoint saved)
Epoch: 17, Average Loss: 1.3770, LR: 2.01e-06
Pixel Accuracy: 0.7137, mIoU: 0.1798
  -> new best val mIoU 0.1798 (checkpoint saved)
Epoch: 18, Average Loss: 1.3431, LR: 9.05e-07
Pixel Accuracy: 0.7172, mIoU: 0.1831
  -> new best val mIoU 0.1831 (checkpoint saved)
Epoch: 19, Average Loss: 1.3257, LR: 2.28e-07
Pixel Accuracy: 0.7153, mIoU: 0.1829
Epoch: 20, Average Loss: 1.3126, LR: 0.00e+00
Pixel Accuracy: 0.7179, mIoU: 0.1839
  -> new best val mIoU 0.1839 (checkpoint saved)
Test (best val checkpoint):
Pixel Accuracy: 0.7268, mIoU: 0.1860
