Class weights (present): [0.72 0.4  0.74 0.24 1.49 0.72 0.51 1.06 0.94 0.42 0.87 1.14 0.21 1.04
 0.82 0.61 1.1  0.59 0.77 0.38 0.61 0.55 0.22 0.3  0.58 0.11 0.24 2.65
 0.31 5.21 0.07 4.91 1.09 0.22 0.58 0.13 0.17 0.47 0.42 0.28 0.79 0.11
 0.41 0.05 0.39 0.47 0.26 1.09 0.46 1.16 4.27 0.33 8.56 0.1  0.27 2.3
 3.41 0.65 0.06]
Epoch: 1, Average Loss: 3.1056, LR: 1.52e-05
Pixel Accuracy: 0.5752, mIoU: 0.1164
  -> new best val mIoU 0.1164 (checkpoint saved)
Epoch: 2, Average Loss: 2.1675, LR: 3.00e-05
Pixel Accuracy: 0.5611, mIoU: 0.1150
Epoch: 3, Average Loss: 1.9577, LR: 2.98e-05
Pixel Accuracy: 0.6069, mIoU: 0.1510
  -> new best val mIoU 0.1510 (checkpoint saved)
Epoch: 4, Average Loss: 1.7910, LR: 2.91e-05
Pixel Accuracy: 0.6384, mIoU: 0.1512
  -> new best val mIoU 0.1512 (checkpoint saved)
Epoch: 5, Average Loss: 1.6725, LR: 2.80e-05
Pixel Accuracy: 0.6296, mIoU: 0.1523
  -> new best val mIoU 0.1523 (checkpoint saved)
Epoch: 6, Average Loss: 1.5686, LR: 2.65e-05
Pixel Accuracy: 0.6315, mIoU: 0.1562
  -> new best val mIoU 0.1562 (checkpoint saved)
Epoch: 7, Average Loss: 1.4779, LR: 2.46e-05
Pixel Accuracy: 0.6720, mIoU: 0.1854
  -> new best val mIoU 0.1854 (checkpoint saved)
Epoch: 8, Average Loss: 1.3740, LR: 2.25e-05
Pixel Accuracy: 0.6694, mIoU: 0.1771
Epoch: 9, Average Loss: 1.2828, LR: 2.01e-05
Pixel Accuracy: 0.6813, mIoU: 0.1977
  -> new best val mIoU 0.1977 (checkpoint saved)
Epoch: 10, Average Loss: 1.1814, LR: 1.76e-05
Pixel Accuracy: 0.7018, mIoU: 0.2092
  -> new best val mIoU 0.2092 (checkpoint saved)
Epoch: 11, Average Loss: 1.0905, LR: 1.50e-05
Pixel Accuracy: 0.7054, mIoU: 0.2133
  -> new best val mIoU 0.2133 (checkpoint saved)
Epoch: 12, Average Loss: 0.9996, LR: 1.24e-05
Pixel Accuracy: 0.7074, mIoU: 0.1987
Epoch: 13, Average Loss: 0.9231, LR: 9.87e-06
Pixel Accuracy: 0.7150, mIoU: 0.2158
  -> new best val mIoU 0.2158 (checkpoint saved)
Epoch: 14, Average Loss: 0.8459, LR: 7.50e-06
Pixel Accuracy: 0.7167, mIoU: 0.2179
  -> new best val mIoU 0.2179 (checkpoint saved)
Epoch: 15, Average Loss: 0.7659, LR: 5.36e-06
Pixel Accuracy: 0.7182, mIoU: 0.2190
  -> new best val mIoU 0.2190 (checkpoint saved)
Epoch: 16, Average Loss: 0.6974, LR: 3.51e-06
Pixel Accuracy: 0.7096, mIoU: 0.2217
  -> new best val mIoU 0.2217 (checkpoint saved)
Epoch: 17, Average Loss: 0.6441, LR: 2.01e-06
Pixel Accuracy: 0.7072, mIoU: 0.2220
  -> new best val mIoU 0.2220 (checkpoint saved)
Epoch: 18, Average Loss: 0.6034, LR: 9.05e-07
Pixel Accuracy: 0.7074, mIoU: 0.2194
Epoch: 19, Average Loss: 0.5822, LR: 2.28e-07
Pixel Accuracy: 0.7108, mIoU: 0.2195
Epoch: 20, Average Loss: 0.5717, LR: 0.00e+00
Pixel Accuracy: 0.7068, mIoU: 0.2187
Test (best val checkpoint):
Pixel Accuracy: 0.7204, mIoU: 0.2264
