Using device: cuda
Class weights (present): [1.08 0.56 1.06 0.33 1.95 0.98 0.71 1.49 1.33 0.62 1.48 1.6  0.3  1.49
 1.17 0.93 1.57 0.84 1.05 0.54 0.87 0.74 0.31]
Epoch: 1, Average Loss: 2.9237, LR: 1.00e-04
Pixel Accuracy: 0.3017, mIoU: 0.0428
Epoch: 2, Average Loss: 2.7166, LR: 9.97e-05
Pixel Accuracy: 0.2938, mIoU: 0.0627
Epoch: 3, Average Loss: 2.5771, LR: 9.88e-05
Pixel Accuracy: 0.3044, mIoU: 0.0708
Epoch: 4, Average Loss: 2.4836, LR: 9.74e-05
Pixel Accuracy: 0.3091, mIoU: 0.0954
Epoch: 5, Average Loss: 2.4418, LR: 9.54e-05
Pixel Accuracy: 0.3384, mIoU: 0.0862
Epoch: 6, Average Loss: 2.3486, LR: 9.28e-05
Pixel Accuracy: 0.3189, mIoU: 0.0955
Epoch: 7, Average Loss: 2.3218, LR: 8.98e-05
Pixel Accuracy: 0.3682, mIoU: 0.0980
Epoch: 8, Average Loss: 2.2902, LR: 8.63e-05
Pixel Accuracy: 0.3364, mIoU: 0.1111
Epoch: 9, Average Loss: 2.1959, LR: 8.24e-05
Pixel Accuracy: 0.3499, mIoU: 0.1575
Epoch: 10, Average Loss: 2.1319, LR: 7.81e-05
Pixel Accuracy: 0.3576, mIoU: 0.1122
Epoch: 11, Average Loss: 2.0607, LR: 7.34e-05
Pixel Accuracy: 0.3582, mIoU: 0.1299
Epoch: 12, Average Loss: 1.9727, LR: 6.85e-05
Pixel Accuracy: 0.3721, mIoU: 0.1551
Epoch: 13, Average Loss: 1.8684, LR: 6.34e-05
Pixel Accuracy: 0.3093, mIoU: 0.1613
Epoch: 14, Average Loss: 1.7814, LR: 5.81e-05
Pixel Accuracy: 0.3448, mIoU: 0.1396
Epoch: 15, Average Loss: 1.6666, LR: 5.27e-05
Pixel Accuracy: 0.3346, mIoU: 0.1579
Epoch: 16, Average Loss: 1.5386, LR: 4.73e-05
Pixel Accuracy: 0.3453, mIoU: 0.1513
Epoch: 17, Average Loss: 1.4084, LR: 4.19e-05
Pixel Accuracy: 0.3311, mIoU: 0.1566
Epoch: 18, Average Loss: 1.2927, LR: 3.66e-05
Pixel Accuracy: 0.3418, mIoU: 0.1741
Epoch: 19, Average Loss: 1.1722, LR: 3.15e-05
Pixel Accuracy: 0.3643, mIoU: 0.1646
Epoch: 20, Average Loss: 1.0793, LR: 2.66e-05
Pixel Accuracy: 0.3943, mIoU: 0.1763
Epoch: 21, Average Loss: 0.9752, LR: 2.19e-05
Pixel Accuracy: 0.3967, mIoU: 0.1619
Epoch: 22, Average Loss: 0.9138, LR: 1.76e-05
Pixel Accuracy: 0.3941, mIoU: 0.1723
Epoch: 23, Average Loss: 0.8606, LR: 1.37e-05
Pixel Accuracy: 0.3827, mIoU: 0.1630
Epoch: 24, Average Loss: 0.8154, LR: 1.02e-05
Pixel Accuracy: 0.3716, mIoU: 0.1581
Epoch: 25, Average Loss: 0.7855, LR: 7.16e-06
Pixel Accuracy: 0.3715, mIoU: 0.1597
Epoch: 26, Average Loss: 0.7554, LR: 4.62e-06
Pixel Accuracy: 0.3831, mIoU: 0.1637
Epoch: 27, Average Loss: 0.7437, LR: 2.62e-06
Pixel Accuracy: 0.3852, mIoU: 0.1642
Epoch: 28, Average Loss: 0.7299, LR: 1.17e-06
Pixel Accuracy: 0.3761, mIoU: 0.1600
Epoch: 29, Average Loss: 0.7182, LR: 2.93e-07
Pixel Accuracy: 0.3740, mIoU: 0.1577
Epoch: 30, Average Loss: 0.7130, LR: 0.00e+00
Pixel Accuracy: 0.3749, mIoU: 0.1584
Test:
Pixel Accuracy: 0.3827, mIoU: 0.1676
