Using device: cuda
Dataset: both | scenes: 27149 | num_classes: 68
Class weights (present): [0.72 0.4  0.74 0.24 1.49 0.72 0.51 1.06 0.94 0.42 0.87 1.14 0.21 1.04
 0.82 0.61 1.1  0.59 0.77 0.38 0.61 0.55 0.22 0.3  0.58 0.11 0.24 2.65
 0.31 5.21 0.07 4.91 1.09 0.22 0.58 0.13 0.17 0.47 0.42 0.28 0.79 0.11
 0.41 0.05 0.39 0.47 0.26 1.09 0.46 1.16 4.27 0.33 8.56 0.1  0.27 2.3
 3.41 0.65 0.06]
Epoch: 1, Average Loss: 1.9885, LR: 1.52e-05
Pixel Accuracy: 0.7478, mIoU: 0.2470
  -> new best val mIoU 0.2470 (checkpoint saved)
Epoch: 2, Average Loss: 1.2236, LR: 3.00e-05
Pixel Accuracy: 0.7668, mIoU: 0.2659
  -> new best val mIoU 0.2659 (checkpoint saved)
Epoch: 3, Average Loss: 1.0531, LR: 2.99e-05
Pixel Accuracy: 0.7750, mIoU: 0.2886
  -> new best val mIoU 0.2886 (checkpoint saved)
Epoch: 4, Average Loss: 0.9152, LR: 2.96e-05
Pixel Accuracy: 0.7864, mIoU: 0.2722
Epoch: 5, Average Loss: 0.8038, LR: 2.92e-05
Pixel Accuracy: 0.7779, mIoU: 0.2793
Epoch: 6, Average Loss: 0.7140, LR: 2.85e-05
Pixel Accuracy: 0.7886, mIoU: 0.3072
  -> new best val mIoU 0.3072 (checkpoint saved)
Epoch: 7, Average Loss: 0.6332, LR: 2.77e-05
Pixel Accuracy: 0.7662, mIoU: 0.3330
  -> new best val mIoU 0.3330 (checkpoint saved)
Epoch: 8, Average Loss: 0.5709, LR: 2.67e-05
Pixel Accuracy: 0.7919, mIoU: 0.3526
  -> new best val mIoU 0.3526 (checkpoint saved)
Epoch: 9, Average Loss: 0.5103, LR: 2.56e-05
Pixel Accuracy: 0.7954, mIoU: 0.3336
Epoch: 10, Average Loss: 0.4547, LR: 2.44e-05
Pixel Accuracy: 0.7993, mIoU: 0.3360
Epoch: 11, Average Loss: 0.4082, LR: 2.30e-05
Pixel Accuracy: 0.7902, mIoU: 0.3684
  -> new best val mIoU 0.3684 (checkpoint saved)
Epoch: 12, Average Loss: 0.3790, LR: 2.15e-05
Pixel Accuracy: 0.7931, mIoU: 0.3598
Epoch: 13, Average Loss: 0.3403, LR: 2.00e-05
Pixel Accuracy: 0.8060, mIoU: 0.3912
  -> new best val mIoU 0.3912 (checkpoint saved)
Epoch: 14, Average Loss: 0.2986, LR: 1.83e-05
Pixel Accuracy: 0.8089, mIoU: 0.3840
Epoch: 15, Average Loss: 0.2655, LR: 1.67e-05
Pixel Accuracy: 0.8056, mIoU: 0.4114
  -> new best val mIoU 0.4114 (checkpoint saved)
Epoch: 16, Average Loss: 0.2359, LR: 1.50e-05
Pixel Accuracy: 0.8082, mIoU: 0.3777
Epoch: 17, Average Loss: 0.2195, LR: 1.33e-05
Pixel Accuracy: 0.8109, mIoU: 0.4130
  -> new best val mIoU 0.4130 (checkpoint saved)
