Using device: cuda
Dataset: both | scenes: 27149 | num_classes: 68
Class weights (present): [0.72 0.4  0.74 0.24 1.49 0.72 0.51 1.06 0.94 0.42 0.87 1.14 0.21 1.04
 0.82 0.61 1.1  0.59 0.77 0.38 0.61 0.55 0.22 0.3  0.58 0.11 0.24 2.65
 0.31 5.21 0.07 4.91 1.09 0.22 0.58 0.13 0.17 0.47 0.42 0.28 0.79 0.11
 0.41 0.05 0.39 0.47 0.26 1.09 0.46 1.16 4.27 0.33 8.56 0.1  0.27 2.3
 3.41 0.65 0.06]
Epoch: 1, Average Loss: 2.4566, LR: 1.52e-05
Pixel Accuracy: 0.6788, mIoU: 0.2103
  -> new best val mIoU 0.2103 (checkpoint saved)
Epoch: 2, Average Loss: 1.3694, LR: 3.00e-05
Pixel Accuracy: 0.7641, mIoU: 0.2573
  -> new best val mIoU 0.2573 (checkpoint saved)
Epoch: 3, Average Loss: 1.1186, LR: 2.98e-05
Pixel Accuracy: 0.7436, mIoU: 0.2645
  -> new best val mIoU 0.2645 (checkpoint saved)
Epoch: 4, Average Loss: 0.9557, LR: 2.91e-05
Pixel Accuracy: 0.7635, mIoU: 0.2718
  -> new best val mIoU 0.2718 (checkpoint saved)
Epoch: 5, Average Loss: 0.8376, LR: 2.80e-05
Pixel Accuracy: 0.7545, mIoU: 0.3082
  -> new best val mIoU 0.3082 (checkpoint saved)
Epoch: 6, Average Loss: 0.6936, LR: 2.65e-05
Pixel Accuracy: 0.7833, mIoU: 0.3436
  -> new best val mIoU 0.3436 (checkpoint saved)
Epoch: 7, Average Loss: 0.5955, LR: 2.46e-05
Pixel Accuracy: 0.7995, mIoU: 0.3675
  -> new best val mIoU 0.3675 (checkpoint saved)
Epoch: 8, Average Loss: 0.5191, LR: 2.25e-05
Pixel Accuracy: 0.7924, mIoU: 0.3583
Epoch: 9, Average Loss: 0.4599, LR: 2.01e-05
Pixel Accuracy: 0.7981, mIoU: 0.4028
  -> new best val mIoU 0.4028 (checkpoint saved)
Epoch: 10, Average Loss: 0.3837, LR: 1.76e-05
Pixel Accuracy: 0.7948, mIoU: 0.3914
Epoch: 11, Average Loss: 0.3561, LR: 1.50e-05
Pixel Accuracy: 0.8079, mIoU: 0.4090
  -> new best val mIoU 0.4090 (checkpoint saved)
Epoch: 12, Average Loss: 0.3116, LR: 1.24e-05
Pixel Accuracy: 0.8057, mIoU: 0.3654
Epoch: 13, Average Loss: 0.2828, LR: 9.87e-06
Pixel Accuracy: 0.8091, mIoU: 0.3991
Epoch: 14, Average Loss: 0.2465, LR: 7.50e-06
Pixel Accuracy: 0.8124, mIoU: 0.3962
Epoch: 15, Average Loss: 0.2247, LR: 5.36e-06
Pixel Accuracy: 0.8064, mIoU: 0.4291
  -> new best val mIoU 0.4291 (checkpoint saved)
Epoch: 16, Average Loss: 0.2011, LR: 3.51e-06
Pixel Accuracy: 0.8202, mIoU: 0.4330
  -> new best val mIoU 0.4330 (checkpoint saved)
Epoch: 17, Average Loss: 0.1727, LR: 2.01e-06
Pixel Accuracy: 0.8125, mIoU: 0.4392
  -> new best val mIoU 0.4392 (checkpoint saved)
Epoch: 18, Average Loss: 0.1656, LR: 9.05e-07
Pixel Accuracy: 0.8185, mIoU: 0.4318
Epoch: 19, Average Loss: 0.1613, LR: 2.28e-07
Pixel Accuracy: 0.8208, mIoU: 0.4354
Epoch: 20, Average Loss: 0.1601, LR: 0.00e+00
Pixel Accuracy: 0.8207, mIoU: 0.4340
Test (best val checkpoint):
Pixel Accuracy: 0.8005, mIoU: 0.4193
