Class weights (present): [0.72 0.4  0.74 0.24 1.49 0.72 0.51 1.06 0.94 0.42 0.87 1.14 0.21 1.04
 0.82 0.61 1.1  0.59 0.77 0.38 0.61 0.55 0.22 0.3  0.58 0.11 0.24 2.65
 0.31 5.21 0.07 4.91 1.09 0.22 0.58 0.13 0.17 0.47 0.42 0.28 0.79 0.11
 0.41 0.05 0.39 0.47 0.26 1.09 0.46 1.16 4.27 0.33 8.56 0.1  0.27 2.3
 3.41 0.65 0.06]
Epoch: 1, Average Loss: 3.6529, LR: 1.52e-05
Pixel Accuracy: 0.5389, mIoU: 0.0494
  -> new best val mIoU 0.0494 (checkpoint saved)
Epoch: 2, Average Loss: 2.8080, LR: 3.00e-05
Pixel Accuracy: 0.5338, mIoU: 0.0587
  -> new best val mIoU 0.0587 (checkpoint saved)
Epoch: 3, Average Loss: 2.6413, LR: 2.98e-05
Pixel Accuracy: 0.0011, mIoU: 0.0000
Epoch: 4, Average Loss: 2.4466, LR: 2.91e-05
Pixel Accuracy: 0.0011, mIoU: 0.0000
Epoch: 5, Average Loss: 2.3233, LR: 2.80e-05
Pixel Accuracy: 0.0011, mIoU: 0.0000
Epoch: 6, Average Loss: 2.2390, LR: 2.65e-05
Pixel Accuracy: 0.0011, mIoU: 0.0000
Epoch: 7, Average Loss: 2.1124, LR: 2.46e-05
Pixel Accuracy: 0.0011, mIoU: 0.0000
Epoch: 8, Average Loss: 2.2586, LR: 2.25e-05
Pixel Accuracy: 0.0011, mIoU: 0.0000
Epoch: 9, Average Loss: 1.8950, LR: 2.01e-05
Pixel Accuracy: 0.0011, mIoU: 0.0000
Epoch: 10, Average Loss: 2.2621, LR: 1.76e-05
Pixel Accuracy: 0.0011, mIoU: 0.0000
Epoch: 11, Average Loss: 0.0000, LR: 1.50e-05
Pixel Accuracy: 0.0011, mIoU: 0.0000
Epoch: 12, Average Loss: 0.0000, LR: 1.24e-05
Pixel Accuracy: 0.0011, mIoU: 0.0000
Epoch: 13, Average Loss: 2.2198, LR: 9.87e-06
Pixel Accuracy: 0.0011, mIoU: 0.0000
Epoch: 14, Average Loss: 0.0000, LR: 7.50e-06
Pixel Accuracy: 0.0011, mIoU: 0.0000
Epoch: 15, Average Loss: 0.0000, LR: 5.36e-06
Pixel Accuracy: 0.0011, mIoU: 0.0000
Epoch: 16, Average Loss: 0.0000, LR: 3.51e-06
Pixel Accuracy: 0.0011, mIoU: 0.0000
Epoch: 17, Average Loss: 0.0000, LR: 2.01e-06
Pixel Accuracy: 0.0011, mIoU: 0.0000
Epoch: 18, Average Loss: 0.0000, LR: 9.05e-07
Pixel Accuracy: 0.0011, mIoU: 0.0000
Epoch: 19, Average Loss: 2.2124, LR: 2.28e-07
Pixel Accuracy: 0.0011, mIoU: 0.0000
Epoch: 20, Average Loss: 1.7653, LR: 0.00e+00
Pixel Accuracy: 0.0011, mIoU: 0.0000
Test (best val checkpoint):
Pixel Accuracy: 0.5485, mIoU: 0.0624
